[salonmlsarajevo.com/index.html]
[backblue.gif]
[fade.gif]
[index.html]
[salonmlsarajevo.com/favicon.ico]
[fonts.gstatic.com/s/roboto/v30/KFOlCnqEu92Fr1MmSU5fCRc4AMP6lbBP.woff2]
[maps.googleapis.com/maps/api/js1824]
[salonmlsarajevo.com/styles.abddec65c3dfdd04.css]
[salonmlsarajevo.com/runtime.02d4fe80bf9f39b5.js]
[salonmlsarajevo.com/polyfills.cafbd353abd86375.js]
[salonmlsarajevo.com/main.a269b173296cfff1.js]
[www.instagram.com/embed.js]
[kit.fontawesome.com/6ecdecbfc9.js]
[salonmlsarajevo.com/assets/vendor/js/bundle.min.js]
[salonmlsarajevo.com/index.html]
[salonmlsarajevo.com/assets/resume/js/script.js]
[fonts.gstatic.com/index.html]
[salonmlsarajevo.com/fa-brands-400.299facd6127c2f01.eot]
[salonmlsarajevo.com/fa-brands-400.299facd6127c2f01d41d.eot]
[salonmlsarajevo.com/fa-brands-400.b75316b3806be4b0.woff2]
[salonmlsarajevo.com/fa-brands-400.12e6e95214ead82a.woff]
[salonmlsarajevo.com/fa-brands-400.d0e427778a3dccbf.ttf]
[salonmlsarajevo.com/fa-regular-400.299ac226e65788f8.eot]
[salonmlsarajevo.com/fa-regular-400.299ac226e65788f8d41d.eot]
[salonmlsarajevo.com/fa-regular-400.7000fd2de904f273.woff2]
[salonmlsarajevo.com/fa-regular-400.1735d97d0e0037ef.woff]
[salonmlsarajevo.com/fa-regular-400.a893b2f8a3fbec95.ttf]
[salonmlsarajevo.com/fa-solid-900.22333e91fd2d5e78.eot]
[salonmlsarajevo.com/fa-solid-900.22333e91fd2d5e78d41d.eot]
[salonmlsarajevo.com/fa-solid-900.9f5a01e4831906fc.woff2]
[salonmlsarajevo.com/fa-solid-900.1bb6eaaca735fe9b.woff]
[salonmlsarajevo.com/fa-solid-900.197fa53e07838d8d.ttf]
[salonmlsarajevo.com/styles.abddec65c3dfdd04.css]
[www.instagram.com/embed.js]
[salonmlsarajevo.com/fa-brands-400.6bf9260256ce2b82.svg]
[salonmlsarajevo.com/fa-regular-400.bacda3e11dacb1d8.svg]
[salonmlsarajevo.com/chrome-extension_/index.html]
[salonmlsarajevo.com/$1/index.html]
[salonmlsarajevo.com/fa-solid-900.e6def181b8c836e7.svg]
[salonmlsarajevo.com/chrome-extension_/index.html]
[salonmlsarajevo.com/$1/index.html]
[salonmlsarajevo.com/embed/index.html]
[salonmlsarajevo.com/embed/index.html]
[salonmlsarajevo.com/captioned/index.html]
[salonmlsarajevo.com/captioned/index.html]
[polyfill.io/v3/polyfill.min2174.js]
